// Jest Snapshot v1, https://goo.gl/fbAQLP

exports[`electron-lint-markdown-ts-check should type check code blocks 1`] = `
"ts-check.md:49:1: Code block has both @ts-nocheck and @ts-expect-error/@ts-ignore/@ts-type/@ts-window-type, they conflict
ts-check.md:55:1: Code block has both @ts-nocheck and @ts-expect-error/@ts-ignore/@ts-type/@ts-window-type, they conflict
[96mts-check.md[0m:[93m128[0m:[93m8[0m - [91merror[0m[90m TS2339: [0mProperty 'myAwesomeAPI' does not exist on type 'Window & typeof globalThis'.

[7m128[0m window.myAwesomeAPI()
[7m   [0m [91m       ~~~~~~~~~~~~[0m

[96mts-check.md[0m:[93m154[0m:[93m5[0m - [91merror[0m[90m TS2304: [0mCannot find name 'a'.

[7m154[0m if (a > b) {
[7m   [0m [91m    ~[0m

[96mts-check.md[0m:[93m154[0m:[93m9[0m - [91merror[0m[90m TS2304: [0mCannot find name 'b'.

[7m154[0m if (a > b) {
[7m   [0m [91m        ~[0m

[96mts-check.md[0m:[93m157[0m:[93m28[0m - [91merror[0m[90m TS2304: [0mCannot find name 'a'.

[7m157[0m   console.log(\`not true: \${a} < \${b}\`)
[7m   [0m [91m                           ~[0m

[96mts-check.md[0m:[93m157[0m:[93m35[0m - [91merror[0m[90m TS2304: [0mCannot find name 'b'.

[7m157[0m   console.log(\`not true: \${a} < \${b}\`)
[7m   [0m [91m                                  ~[0m

[96mts-check.md[0m:[93m160[0m:[93m8[0m - [91merror[0m[90m TS2339: [0mProperty 'AwesomeAPI' does not exist on type 'Window & typeof globalThis'.

[7m160[0m window.AwesomeAPI.bar('baz')
[7m   [0m [91m       ~~~~~~~~~~[0m

[96mts-check.md[0m:[93m4[0m:[93m9[0m - [91merror[0m[90m TS2339: [0mProperty 'foo' does not exist on type 'Console'.

[7m4[0m console.foo('whoops')
[7m [0m [91m        ~~~[0m

[96mts-check.md[0m:[93m66[0m:[93m15[0m - [91merror[0m[90m TS2339: [0mProperty 'wrongAPI' does not exist on type 'typeof BrowserWindow'.

[7m66[0m BrowserWindow.wrongAPI('foo')
[7m  [0m [91m              ~~~~~~~~[0m

[96mts-check.md[0m:[93m72[0m:[93m15[0m - [91merror[0m[90m TS2339: [0mProperty 'wrongAPI' does not exist on type 'typeof BrowserWindow'.

[7m72[0m BrowserWindow.wrongAPI('foo')
[7m  [0m [91m              ~~~~~~~~[0m

[96mts-check.md[0m:[93m8[0m:[93m9[0m - [91merror[0m[90m TS2339: [0mProperty 'foo' does not exist on type 'Console'.

[7m8[0m console.foo('whoops')
[7m [0m [91m        ~~~[0m

[96mts-check.md[0m:[93m95[0m:[93m8[0m - [91merror[0m[90m TS2339: [0mProperty 'myAwesomeAPI' does not exist on type 'Window & typeof globalThis'.

[7m95[0m window.myAwesomeAPI()
[7m  [0m [91m       ~~~~~~~~~~~~[0m


Found 11 errors in 7 files.

Errors  Files
     1  ts-check.md[90m:128[0m
     5  ts-check.md[90m:154[0m
     1  ts-check.md[90m:4[0m
     1  ts-check.md[90m:66[0m
     1  ts-check.md[90m:72[0m
     1  ts-check.md[90m:8[0m
     1  ts-check.md[90m:95[0m

"
`;
